[10minuteschool.com/index.html]
[backblue.gif]
[fade.gif]
[index.html]
[lms10.s3.ap-southeast-1.amazonaws.com/main/10ms_favicon.png]
[10minuteschool.com/assets/styles/main.css]
[unpkg.com/aos@2.3.1/dist/aos.css]
[10minuteschool.com/assets/images/10msblack.png]
[10minuteschool.com/assets/images/header/academic.png]
[10minuteschool.com/assets/images/header/admission.png]
[10minuteschool.com/assets/images/header/university.png]
[10minuteschool.com/assets/images/header/bcs.png]
[10minuteschool.com/assets/images/header/classroom-illustration.png]
[10minuteschool.com/assets/images/vector/we-have-circle.png]
[10minuteschool.com/assets/images/playstore-ad.png]
[10minuteschool.com/assets/images/vector/yellow.png]
[10minuteschool.com/assets/images/vector/white-circle.png]
[10minuteschool.com/assets/images/vector/mobile-video.png]
[10minuteschool.com/assets/images/vector/mobile.png]
[10minuteschool.com/assets/images/playstore-ad/moon.png]
[10minuteschool.com/assets/images/vector/red-ring.png]
[10minuteschool.com/assets/images/vector/red.png]
[10minuteschool.com/assets/images/vector/dots.png]
[10minuteschool.com/assets/images/vector/yellow-moon.png]
[10minuteschool.com/assets/images/vector/video-1.gif]
[10minuteschool.com/assets/images/vector/video-2.gif]
[10minuteschool.com/assets/images/vector/video-3.gif]
[10minuteschool.com/assets/images/vector/mobile-quiz-1.png]
[10minuteschool.com/assets/images/vector/mobile-quiz.png]
[10minuteschool.com/assets/images/vector/ring.png]
[10minuteschool.com/assets/images/learning-products/dots.svg]
[10minuteschool.com/assets/images/learning-products/moon.svg]
[10minuteschool.com/assets/images/we-have/videos.png]
[10minuteschool.com/assets/images/we-have/quizzes.png]
[10minuteschool.com/assets/images/we-have/smartbooks.png]
[10minuteschool.com/assets/images/we-have/blogs.png]
[10minuteschool.com/assets/images/footer/table.png]
[10minuteschool.com/assets/images/logo-white.png]
[unpkg.com/aos@2.3.1/dist/aos.js]
[10minuteschool.com/assets/js/placeholder.js]
[10minuteschool.com/assets/js/script.js]
[10minuteschool.com/index.html]
[fonts.maateen.me/solaiman-lipi/font.css]
[10minuteschool.com/assets/images/search-background.png]
[10minuteschool.com/assets/images/footer.png]
[10minuteschool.com/assets/styles/main.css]
[unpkg.com/aos@2.3.1/dist/aos.css]
[10minuteschool.com/assets/images/learning-products/dots.svg]
[10minuteschool.com/assets/images/learning-products/moon.svg]
[10minuteschool.com/assets/images/our-content/webp/ICT.html]
[10minuteschool.com/assets/images/our-content/webp/business-communication.html]
[10minuteschool.com/assets/images/our-content/webp/math.html]
[10minuteschool.com/assets/images/our-content/webp/dm.html]
[10minuteschool.com/assets/images/our-content/webp/career.html]
[10minuteschool.com/assets/images/our-content/webp/startup.html]
[10minuteschool.com/assets/images/our-content/webp/life-skills.html]
[10minuteschool.com/assets/images/our-content/webp/masterclass.html]
[10minuteschool.com/assets/images/our-content/webp/video-editing.html]
[10minuteschool.com/assets/images/our-content/webp/bcs.html]
[10minuteschool.com/assets/images/our-content/webp/graphics.html]
[10minuteschool.com/assets/images/awards/webp/apicta.html]
[10minuteschool.com/assets/images/awards/webp/bia2018.html]
[10minuteschool.com/assets/images/awards/webp/brac-marathon.html]
[10minuteschool.com/assets/images/awards/webp/global-et.html]
[10minuteschool.com/assets/images/awards/webp/glomo.html]
[10minuteschool.com/assets/images/awards/webp/gold-elearning.html]
[10minuteschool.com/assets/images/awards/webp/ict-award.html]
[10minuteschool.com/assets/images/awards/webp/queen-young.html]
[10minuteschool.com/team/index.html]
[10minuteschool.com/join/index.html]
[10minuteschool.com/contact/index.html]
[10minuteschool.com/invite-us/index.html]
[10minuteschool.com/faq/index.html]
[10minuteschool.com/policy/index.html]
[10minuteschool.com/terms/index.html]
[fonts.maateen.me/solaiman-lipi/SolaimanLipi.eot]
[fonts.maateen.me/solaiman-lipi/SolaimanLipi.woff]
[fonts.maateen.me/solaiman-lipi/SolaimanLipi.ttf]
[fonts.maateen.me/solaiman-lipi/font.css]
[fonts.maateen.me/solaiman-lipi/SolaimanLipid41d.eot]
[fonts.maateen.me/solaiman-lipi/SolaimanLipi.svg]
[fonts.maateen.me/solaiman-lipi/SolaimanLipi.svg]
